EN rxcver NULL /home/ise/my_shared_folder/EIT-VHDL-SDL_backup/assignments/rcs1/rxcver.vhd sub00/vhpl02 1702627573
AR idea_com_inner behavioral /home/ise/my_shared_folder/EIT-VHDL-SDL_backup/assignments/rcs1/idea_com_inner.vhd sub00/vhpl17 1702627584
AR clk_div behavioral /home/ise/my_shared_folder/EIT-VHDL-SDL_backup/assignments/rcs1/clk_div.vhd sub00/vhpl15 1702627582
EN mux2x1 NULL /home/ise/my_shared_folder/EIT-VHDL-SDL_backup/assignments/rcs1/mux2x1.vhd sub00/vhpl08 1702627579
AR mux2x1 behavioral /home/ise/my_shared_folder/EIT-VHDL-SDL_backup/assignments/rcs1/mux2x1.vhd sub00/vhpl13 1702627580
EN idea_com NULL /home/ise/my_shared_folder/EIT-VHDL-SDL_backup/assignments/rcs1/idea_com.vhd sub00/vhpl18 1702627585
AR uart behavior /home/ise/my_shared_folder/EIT-VHDL-SDL_backup/assignments/rcs1/uart.vhd sub00/vhpl05 1702627576
AR rxcver behavior /home/ise/my_shared_folder/EIT-VHDL-SDL_backup/assignments/rcs1/rxcver.vhd sub00/vhpl03 1702627574
AR txmit behavior /home/ise/my_shared_folder/EIT-VHDL-SDL_backup/assignments/rcs1/txmit.vhd sub00/vhpl01 1702627572
AR register_16b behavioral /home/ise/my_shared_folder/EIT-VHDL-SDL_backup/assignments/rcs1/register_16b.vhd sub00/vhpl12 1702627566
AR idea_com behavioral /home/ise/my_shared_folder/EIT-VHDL-SDL_backup/assignments/rcs1/idea_com.vhd sub00/vhpl19 1702627586
EN control NULL /home/ise/my_shared_folder/EIT-VHDL-SDL/assignments/rcs1/control.vhd sub00/vhpl09 1702579612
EN register_16b NULL /home/ise/my_shared_folder/EIT-VHDL-SDL_backup/assignments/rcs1/register_16b.vhd sub00/vhpl11 1702627565
EN txmit NULL /home/ise/my_shared_folder/EIT-VHDL-SDL_backup/assignments/rcs1/txmit.vhd sub00/vhpl00 1702627571
AR idea_single structural /home/ise/my_shared_folder/EIT-VHDL-SDL_backup/assignments/rcs1/idea_single.vhd sub00/vhpl07 1702627578
AR control behavioral /home/ise/my_shared_folder/EIT-VHDL-SDL/assignments/rcs1/control.vhd sub00/vhpl10 1702579613
EN uart NULL /home/ise/my_shared_folder/EIT-VHDL-SDL_backup/assignments/rcs1/uart.vhd sub00/vhpl04 1702627575
EN clk_div NULL /home/ise/my_shared_folder/EIT-VHDL-SDL_backup/assignments/rcs1/clk_div.vhd sub00/vhpl14 1702627581
EN idea_single NULL /home/ise/my_shared_folder/EIT-VHDL-SDL_backup/assignments/rcs1/idea_single.vhd sub00/vhpl06 1702627577
EN idea_com_inner NULL /home/ise/my_shared_folder/EIT-VHDL-SDL_backup/assignments/rcs1/idea_com_inner.vhd sub00/vhpl16 1702627583
