EN rxcver NULL /nas/ei/home/ge74men/EIT-VHDL-SDL/assignments/rcs1/rxcver.vhd sub00/vhpl20 1703161941
AR idea_com_inner behavioral /nas/ei/home/ge74men/EIT-VHDL-SDL/assignments/rcs1/idea_com_inner.vhd sub00/vhpl29 1703161950
AR clk_div behavioral /nas/ei/home/ge74men/EIT-VHDL-SDL/assignments/rcs1/clk_div.vhd sub00/vhpl27 1703161948
AR addop behavioral /nas/ei/home/ge74men/EIT-VHDL-SDL/assignments/rcs1/addop.vhd sub00/vhpl03 1703161924
EN mulop NULL /nas/ei/home/ge74men/EIT-VHDL-SDL/assignments/rcs1/mulop.vhd sub00/vhpl00 1703161921
EN trafo NULL /nas/ei/home/ge74men/EIT-VHDL-SDL/assignments/rcs1/trafo.vhd sub00/vhpl16 1703161937
AR round behavioral /nas/ei/home/ge74men/EIT-VHDL-SDL/assignments/rcs1/round.vhd sub00/vhpl13 1703161934
EN addop NULL /nas/ei/home/ge74men/EIT-VHDL-SDL/assignments/rcs1/addop.vhd sub00/vhpl02 1703161923
EN mux2x1 NULL /nas/ei/home/ge74men/EIT-VHDL-SDL/assignments/rcs1/mux2x1.vhd sub00/vhpl08 1703161929
AR mux2x1 behavioral /nas/ei/home/ge74men/EIT-VHDL-SDL/assignments/rcs1/mux2x1.vhd sub00/vhpl09 1703161930
AR trafo behavioral /nas/ei/home/ge74men/EIT-VHDL-SDL/assignments/rcs1/trafo.vhd sub00/vhpl17 1703161938
EN idea_com NULL /nas/ei/home/ge74men/EIT-VHDL-SDL/assignments/rcs1/idea_com.vhd sub00/vhpl30 1703161951
EN keygen NULL /nas/ei/home/ge74men/EIT-VHDL-SDL/assignments/rcs1/keygen.vhd sub00/vhpl10 1703161931
AR uart behavior /nas/ei/home/ge74men/EIT-VHDL-SDL/assignments/rcs1/uart.vhd sub00/vhpl23 1703161944
AR rxcver behavior /nas/ei/home/ge74men/EIT-VHDL-SDL/assignments/rcs1/rxcver.vhd sub00/vhpl21 1703161942
AR txmit behavior /nas/ei/home/ge74men/EIT-VHDL-SDL/assignments/rcs1/txmit.vhd sub00/vhpl19 1703161940
EN round NULL /nas/ei/home/ge74men/EIT-VHDL-SDL/assignments/rcs1/round.vhd sub00/vhpl12 1703161933
AR register_16b behavioral /nas/ei/home/ge74men/EIT-VHDL-SDL/assignments/rcs1/register_16b.vhd sub00/vhpl15 1703161936
AR idea_com behavioral /nas/ei/home/ge74men/EIT-VHDL-SDL/assignments/rcs1/idea_com.vhd sub00/vhpl31 1703161952
EN xorop NULL /nas/ei/home/ge74men/EIT-VHDL-SDL/assignments/rcs1/xorop.vhd sub00/vhpl04 1703161925
EN control NULL /nas/ei/home/ge74men/EIT-VHDL-SDL/assignments/rcs1/control.vhd sub00/vhpl06 1703161927
AR mulop behavioral /nas/ei/home/ge74men/EIT-VHDL-SDL/assignments/rcs1/mulop.vhd sub00/vhpl01 1703161922
EN register_16b NULL /nas/ei/home/ge74men/EIT-VHDL-SDL/assignments/rcs1/register_16b.vhd sub00/vhpl14 1703161935
EN txmit NULL /nas/ei/home/ge74men/EIT-VHDL-SDL/assignments/rcs1/txmit.vhd sub00/vhpl18 1703161939
AR idea_single structural /nas/ei/home/ge74men/EIT-VHDL-SDL/assignments/rcs1/idea_single.vhd sub00/vhpl25 1703161946
AR control behavioral /nas/ei/home/ge74men/EIT-VHDL-SDL/assignments/rcs1/control.vhd sub00/vhpl07 1703161928
EN uart NULL /nas/ei/home/ge74men/EIT-VHDL-SDL/assignments/rcs1/uart.vhd sub00/vhpl22 1703161943
EN clk_div NULL /nas/ei/home/ge74men/EIT-VHDL-SDL/assignments/rcs1/clk_div.vhd sub00/vhpl26 1703161947
AR xorop behavioral /nas/ei/home/ge74men/EIT-VHDL-SDL/assignments/rcs1/xorop.vhd sub00/vhpl05 1703161926
EN idea_single NULL /nas/ei/home/ge74men/EIT-VHDL-SDL/assignments/rcs1/idea_single.vhd sub00/vhpl24 1703161945
AR keygen behavioral /nas/ei/home/ge74men/EIT-VHDL-SDL/assignments/rcs1/keygen.vhd sub00/vhpl11 1703161932
EN idea_com_inner NULL /nas/ei/home/ge74men/EIT-VHDL-SDL/assignments/rcs1/idea_com_inner.vhd sub00/vhpl28 1703161949
