EN control NULL /nas/lrz/home/ge74men/EIT-VHDL-SDL/assignments/rcs1/control.vhd sub00/vhpl00 1703083350
AR control behavioral /nas/lrz/home/ge74men/EIT-VHDL-SDL/assignments/rcs1/control.vhd sub00/vhpl02 1703083351
EN idea_single NULL /nas/lrz/home/ge74men/EIT-VHDL-SDL/assignments/rcs1/idea_single.vhd sub00/vhpl01 1703083352
