V3 63
FL /nas/ei/home/ge74men/EIT-VHDL-SDL/assignments/rcs1/addop.vhd 2023/12/20.14:17:19 P.20131013
EN work/addop 1703167969 \
      FL /nas/ei/home/ge74men/EIT-VHDL-SDL/assignments/rcs1/addop.vhd \
      PB ieee/std_logic_1164 1381692176 PB ieee/STD_LOGIC_UNSIGNED 1381692179
AR work/addop/Behavioral 1703167970 \
      FL /nas/ei/home/ge74men/EIT-VHDL-SDL/assignments/rcs1/addop.vhd \
      EN work/addop 1703167969
FL /nas/ei/home/ge74men/EIT-VHDL-SDL/assignments/rcs1/clk_div.vhd 2023/12/15.10:33:33 P.20131013
EN work/clk_div 1703167993 \
      FL /nas/ei/home/ge74men/EIT-VHDL-SDL/assignments/rcs1/clk_div.vhd \
      PB ieee/std_logic_1164 1381692176 PB ieee/std_logic_arith 1381692177 \
      PB ieee/STD_LOGIC_UNSIGNED 1381692179
AR work/clk_div/Behavioral 1703167994 \
      FL /nas/ei/home/ge74men/EIT-VHDL-SDL/assignments/rcs1/clk_div.vhd \
      EN work/clk_div 1703167993
FL /nas/ei/home/ge74men/EIT-VHDL-SDL/assignments/rcs1/control.vhd 2023/12/21.12:40:59 P.20131013
EN work/control 1703167973 \
      FL /nas/ei/home/ge74men/EIT-VHDL-SDL/assignments/rcs1/control.vhd \
      PB ieee/std_logic_1164 1381692176
AR work/control/Behavioral 1703167974 \
      FL /nas/ei/home/ge74men/EIT-VHDL-SDL/assignments/rcs1/control.vhd \
      EN work/control 1703167973
FL /nas/ei/home/ge74men/EIT-VHDL-SDL/assignments/rcs1/idea_com.vhd 2023/12/15.10:33:33 P.20131013
EN work/idea_com 1703167997 \
      FL /nas/ei/home/ge74men/EIT-VHDL-SDL/assignments/rcs1/idea_com.vhd \
      PB ieee/std_logic_1164 1381692176 PB ieee/std_logic_arith 1381692177 \
      PB ieee/STD_LOGIC_UNSIGNED 1381692179
AR work/idea_com/Behavioral 1703167998 \
      FL /nas/ei/home/ge74men/EIT-VHDL-SDL/assignments/rcs1/idea_com.vhd \
      EN work/idea_com 1703167997 CP clk_div CP idea_com_inner
FL /nas/ei/home/ge74men/EIT-VHDL-SDL/assignments/rcs1/idea_com_inner.vhd 2023/12/15.10:33:33 P.20131013
EN work/idea_com_inner 1703167995 \
      FL /nas/ei/home/ge74men/EIT-VHDL-SDL/assignments/rcs1/idea_com_inner.vhd \
      PB ieee/std_logic_1164 1381692176 PB ieee/std_logic_arith 1381692177 \
      PB ieee/STD_LOGIC_UNSIGNED 1381692179
AR work/idea_com_inner/Behavioral 1703167996 \
      FL /nas/ei/home/ge74men/EIT-VHDL-SDL/assignments/rcs1/idea_com_inner.vhd \
      EN work/idea_com_inner 1703167995 CP uart CP idea_single CP mux2x1
FL /nas/ei/home/ge74men/EIT-VHDL-SDL/assignments/rcs1/idea_single.vhd 2023/12/21.12:16:31 P.20131013
EN work/idea_single 1703167991 \
      FL /nas/ei/home/ge74men/EIT-VHDL-SDL/assignments/rcs1/idea_single.vhd \
      PB ieee/std_logic_1164 1381692176
AR work/idea_single/Structural 1703167992 \
      FL /nas/ei/home/ge74men/EIT-VHDL-SDL/assignments/rcs1/idea_single.vhd \
      EN work/idea_single 1703167991 CP control CP mux2x1 CP keygen CP round \
      CP register_16b CP trafo
FL /nas/ei/home/ge74men/EIT-VHDL-SDL/assignments/rcs1/keygen.vhd 2023/12/21.14:52:36 P.20131013
EN work/keygen 1703167977 \
      FL /nas/ei/home/ge74men/EIT-VHDL-SDL/assignments/rcs1/keygen.vhd \
      PB ieee/std_logic_1164 1381692176 PB ieee/NUMERIC_STD 1381692181
AR work/keygen/Behavioral 1703167978 \
      FL /nas/ei/home/ge74men/EIT-VHDL-SDL/assignments/rcs1/keygen.vhd \
      EN work/keygen 1703167977
FL /nas/ei/home/ge74men/EIT-VHDL-SDL/assignments/rcs1/mulop.vhd 2023/12/20.14:17:20 P.20131013
EN work/mulop 1703167967 \
      FL /nas/ei/home/ge74men/EIT-VHDL-SDL/assignments/rcs1/mulop.vhd \
      PB ieee/std_logic_1164 1381692176 PB ieee/STD_LOGIC_UNSIGNED 1381692179
AR work/mulop/Behavioral 1703167968 \
      FL /nas/ei/home/ge74men/EIT-VHDL-SDL/assignments/rcs1/mulop.vhd \
      EN work/mulop 1703167967
FL /nas/ei/home/ge74men/EIT-VHDL-SDL/assignments/rcs1/mux2x1.vhd 2023/12/15.11:57:04 P.20131013
EN work/mux2x1 1703167975 \
      FL /nas/ei/home/ge74men/EIT-VHDL-SDL/assignments/rcs1/mux2x1.vhd \
      PB ieee/std_logic_1164 1381692176
AR work/mux2x1/Behavioral 1703167976 \
      FL /nas/ei/home/ge74men/EIT-VHDL-SDL/assignments/rcs1/mux2x1.vhd \
      EN work/mux2x1 1703167975
FL /nas/ei/home/ge74men/EIT-VHDL-SDL/assignments/rcs1/register_16b.vhd 2023/12/20.16:24:01 P.20131013
EN work/register_16b 1703167981 \
      FL /nas/ei/home/ge74men/EIT-VHDL-SDL/assignments/rcs1/register_16b.vhd \
      PB ieee/std_logic_1164 1381692176
AR work/register_16b/Behavioral 1703167982 \
      FL /nas/ei/home/ge74men/EIT-VHDL-SDL/assignments/rcs1/register_16b.vhd \
      EN work/register_16b 1703167981
FL /nas/ei/home/ge74men/EIT-VHDL-SDL/assignments/rcs1/round.vhd 2023/12/20.14:17:20 P.20131013
EN work/round 1703167979 \
      FL /nas/ei/home/ge74men/EIT-VHDL-SDL/assignments/rcs1/round.vhd \
      PB ieee/std_logic_1164 1381692176
AR work/round/Behavioral 1703167980 \
      FL /nas/ei/home/ge74men/EIT-VHDL-SDL/assignments/rcs1/round.vhd \
      EN work/round 1703167979 CP mulop CP addop CP xorop
FL /nas/ei/home/ge74men/EIT-VHDL-SDL/assignments/rcs1/rxcver.vhd 2023/12/15.10:33:34 P.20131013
EN work/rxcver 1703167987 \
      FL /nas/ei/home/ge74men/EIT-VHDL-SDL/assignments/rcs1/rxcver.vhd \
      PB ieee/std_logic_1164 1381692176 PB ieee/std_logic_arith 1381692177 \
      PB ieee/std_logic_misc 1381692178 PB ieee/STD_LOGIC_UNSIGNED 1381692179
AR work/rxcver/behavior 1703167988 \
      FL /nas/ei/home/ge74men/EIT-VHDL-SDL/assignments/rcs1/rxcver.vhd \
      EN work/rxcver 1703167987
FL /nas/ei/home/ge74men/EIT-VHDL-SDL/assignments/rcs1/trafo.vhd 2023/12/20.14:17:20 P.20131013
EN work/trafo 1703167983 \
      FL /nas/ei/home/ge74men/EIT-VHDL-SDL/assignments/rcs1/trafo.vhd \
      PB ieee/std_logic_1164 1381692176
AR work/trafo/Behavioral 1703167984 \
      FL /nas/ei/home/ge74men/EIT-VHDL-SDL/assignments/rcs1/trafo.vhd \
      EN work/trafo 1703167983 CP mulop CP addop
FL /nas/ei/home/ge74men/EIT-VHDL-SDL/assignments/rcs1/txmit.vhd 2023/12/15.10:33:34 P.20131013
EN work/txmit 1703167985 \
      FL /nas/ei/home/ge74men/EIT-VHDL-SDL/assignments/rcs1/txmit.vhd \
      PB ieee/std_logic_1164 1381692176 PB ieee/std_logic_arith 1381692177 \
      PB ieee/std_logic_misc 1381692178 PB ieee/STD_LOGIC_UNSIGNED 1381692179
AR work/txmit/behavior 1703167986 \
      FL /nas/ei/home/ge74men/EIT-VHDL-SDL/assignments/rcs1/txmit.vhd \
      EN work/txmit 1703167985
FL /nas/ei/home/ge74men/EIT-VHDL-SDL/assignments/rcs1/uart.vhd 2023/12/15.10:33:34 P.20131013
EN work/uart 1703167989 \
      FL /nas/ei/home/ge74men/EIT-VHDL-SDL/assignments/rcs1/uart.vhd \
      PB ieee/std_logic_1164 1381692176 PB ieee/std_logic_arith 1381692177 \
      PB ieee/std_logic_misc 1381692178 PB ieee/STD_LOGIC_UNSIGNED 1381692179
AR work/uart/behavior 1703167990 \
      FL /nas/ei/home/ge74men/EIT-VHDL-SDL/assignments/rcs1/uart.vhd EN work/uart 1703167989 \
      CP txmit CP rxcver
FL /nas/ei/home/ge74men/EIT-VHDL-SDL/assignments/rcs1/xorop.vhd 2023/12/20.14:17:20 P.20131013
EN work/xorop 1703167971 \
      FL /nas/ei/home/ge74men/EIT-VHDL-SDL/assignments/rcs1/xorop.vhd \
      PB ieee/std_logic_1164 1381692176 PB ieee/STD_LOGIC_UNSIGNED 1381692179
AR work/xorop/Behavioral 1703167972 \
      FL /nas/ei/home/ge74men/EIT-VHDL-SDL/assignments/rcs1/xorop.vhd \
      EN work/xorop 1703167971
