EN idea NULL /home/ise/my_shared_folder/Rep-EIT-VHDL-SDL/direct/idea.vhd sub00/vhpl04 1700417562
AR addop behavioral /home/ise/my_shared_folder/Rep-EIT-VHDL-SDL/direct/addop.vhd sub00/vhpl03 1700517556
EN addop NULL /home/ise/my_shared_folder/Rep-EIT-VHDL-SDL/direct/addop.vhd sub00/vhpl02 1700517555
EN xorop NULL /home/ise/my_shared_folder/Rep-EIT-VHDL-SDL/direct/xorop.vhd sub00/vhpl00 1700393543
AR idea structural /home/ise/my_shared_folder/Rep-EIT-VHDL-SDL/direct/idea.vhd sub00/vhpl05 1700417563
AR xorop behavioral /home/ise/my_shared_folder/Rep-EIT-VHDL-SDL/direct/xorop.vhd sub00/vhpl01 1700393544
