V3 9
FL /home/ise/my_shared_folder/Rep-EIT-VHDL-SDL/direct/addop.vhd 2023/11/19.17:44:01 P.20131013
EN work/addop 1700410981 \
      FL /home/ise/my_shared_folder/Rep-EIT-VHDL-SDL/direct/addop.vhd \
      PB ieee/std_logic_1164 1381692176 PB ieee/NUMERIC_STD 1381692181
AR work/addop/Behavioral 1700410982 \
      FL /home/ise/my_shared_folder/Rep-EIT-VHDL-SDL/direct/addop.vhd \
      EN work/addop 1700410981
FL /home/ise/my_shared_folder/Rep-EIT-VHDL-SDL/direct/idea.vhd 2023/11/18.15:03:46 P.20131013
EN work/idea 1700417562 \
      FL /home/ise/my_shared_folder/Rep-EIT-VHDL-SDL/direct/idea.vhd \
      PB ieee/std_logic_1164 1381692176
AR work/idea/Structural 1700417563 \
      FL /home/ise/my_shared_folder/Rep-EIT-VHDL-SDL/direct/idea.vhd EN work/idea 1700417562
FL /home/ise/my_shared_folder/Rep-EIT-VHDL-SDL/direct/xorop.vhd 2023/11/19.11:32:14 P.20131013
EN work/xorop 1700393543 \
      FL /home/ise/my_shared_folder/Rep-EIT-VHDL-SDL/direct/xorop.vhd \
      PB ieee/std_logic_1164 1381692176 PB ieee/STD_LOGIC_UNSIGNED 1381692179
AR work/xorop/Behavioral 1700393544 \
      FL /home/ise/my_shared_folder/Rep-EIT-VHDL-SDL/direct/xorop.vhd \
      EN work/xorop 1700393543
